// Jest Snapshot v1, https://goo.gl/fbAQLP

exports[`Test <GifGridItem /> should display the component correctly  1`] = `
<div
  className="card animate__animated animate__fadeIn"
>
  <img
    alt="a title"
    src="https://localhost/test.jpg"
  />
  <p>
     
    a title
  </p>
</div>
`;
